// Vitest Snapshot v1

exports[`columns create 1`] = `
[
  {
    "alias": "_0",
    "get": false,
    "ignoreNull": true,
    "index": "SPARSE",
    "jsonCol": "json",
    "jsonPath": "foo1",
    "name": "foo1",
    "parts": [
      "foo1",
    ],
    "path": "foo1",
    "quoted": "\\"foo1\\"",
    "select": "json_extract(tbl.\\"json\\",'$.foo1') AS _0",
    "sql": "json_extract(tbl.\\"json\\",'$.foo1')",
    "where": "json_extract(tbl.\\"json\\",'$.foo1')=?",
  },
  {
    "alias": "foo2",
    "get": false,
    "ignoreNull": true,
    "name": "foo2",
    "parts": [
      "foo2",
    ],
    "path": "foo2",
    "quoted": "\\"foo2\\"",
    "real": true,
    "select": "tbl.\\"foo2\\" AS foo2",
    "sql": "tbl.\\"foo2\\"",
    "type": "INTEGER",
    "value": [Function],
    "where": "tbl.\\"foo2\\"=?",
  },
  {
    "alias": "_1",
    "get": false,
    "ignoreNull": false,
    "index": "ALL",
    "jsonCol": "json",
    "jsonPath": "foo3",
    "name": "foo3",
    "parts": [
      "foo3",
    ],
    "path": "foo3",
    "quoted": "\\"foo3\\"",
    "select": "json_extract(tbl.\\"json\\",'$.foo3') AS _1",
    "sql": "json_extract(tbl.\\"json\\",'$.foo3')",
    "unique": true,
    "value": [Function],
    "where": "json_extract(tbl.\\"json\\",'$.foo3')=?",
  },
  {
    "alias": "_2",
    "get": true,
    "ignoreNull": true,
    "name": "fooGet",
    "parts": [
      "fooGet",
    ],
    "path": "fooGet",
    "quoted": "\\"fooGet\\"",
    "real": true,
    "select": "tbl.\\"fooGet\\" AS _2",
    "sql": "tbl.\\"fooGet\\"",
    "type": "BLOB",
    "value": [Function],
    "where": "tbl.\\"fooGet\\"=?",
  },
  {
    "alias": "_i",
    "autoIncrement": undefined,
    "get": true,
    "ignoreNull": false,
    "index": "ALL",
    "name": "id",
    "parts": [
      "id",
    ],
    "path": "id",
    "quoted": "\\"id\\"",
    "real": true,
    "select": "tbl.\\"id\\" AS _i",
    "sql": "tbl.\\"id\\"",
    "type": "TEXT",
    "unique": true,
    "value": [Function],
    "where": "tbl.\\"id\\"=?",
  },
  {
    "alias": "_j",
    "alwaysObject": true,
    "get": true,
    "ignoreNull": true,
    "name": "json",
    "parse": [Function],
    "parts": [],
    "path": "",
    "quoted": "\\"json\\"",
    "real": true,
    "select": "tbl.\\"json\\" AS _j",
    "sql": "tbl.\\"json\\"",
    "stringify": [Function],
    "type": "JSON",
    "where": "tbl.\\"json\\"=?",
  },
]
`;
